// Jest Snapshot v1, https://goo.gl/fbAQLP

exports[`<App /> matches snapshot 1`] = `
<Provider
  store={
    Object {
      "dispatch": [Function],
      "getState": [Function],
      "replaceReducer": [Function],
      "subscribe": [Function],
      Symbol(observable): [Function],
    }
  }
>
  <ToastContainer
    autoClose={5000}
    bodyClassName={null}
    className={null}
    closeButton={
      <CloseButton
        ariaLabel="close"
      />
    }
    closeOnClick={true}
    containerId="A"
    draggable={true}
    draggablePercent={80}
    enableMultiContainer={true}
    hideProgressBar={false}
    newestOnTop={false}
    pauseOnFocusLoss={true}
    pauseOnHover={true}
    position="top-right"
    progressClassName={null}
    progressStyle={null}
    role="alert"
    rtl={false}
    style={null}
    toastClassName={null}
    transition={[Function]}
  />
  <Routes />
</Provider>
`;
