// Jest Snapshot v1, https://goo.gl/fbAQLP

exports[`<LogOutComponent /> should match snapshot 1`] = `ShallowWrapper {}`;
