// Jest Snapshot v1, https://goo.gl/fbAQLP

exports[`<landingPageComponent /> should render correctly 1`] = `<landingPageComponent />`;
